MPLINK 5.09, LINKER
Linker Map File - Created Sun Aug 01 20:15:18 2021

                                 Section Info
                  Section       Type    Address   Location Size(Bytes)
                ---------  ---------  ---------  ---------  ---------
                   .org_0       code   0x000000    program   0x000048
                   .cinit    romdata   0x000024    program   0x000004
.config_2007_BUILD/DEFAULT/PRODUCTION/ASSIGNM       code   0x002007    program   0x000002



                              Program Memory Usage 
                               Start         End      
                           ---------   ---------      
                            0x000000    0x000025      
                            0x002007    0x002007      
            39 out of 8454 program addresses used, program memory utilization is 0%



                              Symbols - Sorted by Name
                     Name    Address   Location    Storage File                     
                ---------  ---------  ---------  --------- ---------                
                    START   0x000008    program     static D:\Courses\CSE\4th_Year\Semester I\Embedded Computer Systems Engineering\assignment2\Assignment2.X\assignment2.asm
                    dec_1   0x000016    program     static D:\Courses\CSE\4th_Year\Semester I\Embedded Computer Systems Engineering\assignment2\Assignment2.X\assignment2.asm
                    dec_2   0x000014    program     static D:\Courses\CSE\4th_Year\Semester I\Embedded Computer Systems Engineering\assignment2\Assignment2.X\assignment2.asm
                    dec_3   0x00001f    program     static D:\Courses\CSE\4th_Year\Semester I\Embedded Computer Systems Engineering\assignment2\Assignment2.X\assignment2.asm
                    dec_4   0x00001d    program     static D:\Courses\CSE\4th_Year\Semester I\Embedded Computer Systems Engineering\assignment2\Assignment2.X\assignment2.asm
              first_delay   0x000012    program     static D:\Courses\CSE\4th_Year\Semester I\Embedded Computer Systems Engineering\assignment2\Assignment2.X\assignment2.asm
             second_delay   0x00001b    program     static D:\Courses\CSE\4th_Year\Semester I\Embedded Computer Systems Engineering\assignment2\Assignment2.X\assignment2.asm



                              Symbols - Sorted by Address
                     Name    Address   Location    Storage File                     
                ---------  ---------  ---------  --------- ---------                
                    START   0x000008    program     static D:\Courses\CSE\4th_Year\Semester I\Embedded Computer Systems Engineering\assignment2\Assignment2.X\assignment2.asm
              first_delay   0x000012    program     static D:\Courses\CSE\4th_Year\Semester I\Embedded Computer Systems Engineering\assignment2\Assignment2.X\assignment2.asm
                    dec_2   0x000014    program     static D:\Courses\CSE\4th_Year\Semester I\Embedded Computer Systems Engineering\assignment2\Assignment2.X\assignment2.asm
                    dec_1   0x000016    program     static D:\Courses\CSE\4th_Year\Semester I\Embedded Computer Systems Engineering\assignment2\Assignment2.X\assignment2.asm
             second_delay   0x00001b    program     static D:\Courses\CSE\4th_Year\Semester I\Embedded Computer Systems Engineering\assignment2\Assignment2.X\assignment2.asm
                    dec_4   0x00001d    program     static D:\Courses\CSE\4th_Year\Semester I\Embedded Computer Systems Engineering\assignment2\Assignment2.X\assignment2.asm
                    dec_3   0x00001f    program     static D:\Courses\CSE\4th_Year\Semester I\Embedded Computer Systems Engineering\assignment2\Assignment2.X\assignment2.asm


